<?xml version="1.0" encoding="utf-8"?><testsuites name="pytest tests"><testsuite name="pytest" errors="0" failures="0" skipped="0" tests="7" time="3.624" timestamp="2026-07-18T20:03:44.412951-03:00" hostname="LGG"><testcase classname="tests.test_pagos" name="test_procesar_pago_tarjeta_exito" file="tests\test_pagos.py" line="14" time="0.014" /><testcase classname="tests.test_pagos" name="test_webhook_pago_nuevo_aprobado_llama_al_club" file="tests\test_pagos.py" line="41" time="1.357" /><testcase classname="tests.test_pagos" name="test_webhook_pago_existente_aprobado_actualiza" file="tests\test_pagos.py" line="90" time="1.272" /><testcase classname="tests.test_pagos" name="test_webhook_pago_rechazado_no_llama_al_club" file="tests\test_pagos.py" line="136" time="0.004" /><testcase classname="tests.test_pagos" name="test_get_pago_by_externo" file="tests\test_pagos.py" line="174" time="0.002" /><testcase classname="tests.test_pagos" name="test_create_pago" file="tests\test_pagos.py" line="192" time="0.001" /><testcase classname="tests.test_pagos" name="test_update_estado_pago" file="tests\test_pagos.py" line="221" time="0.001" /></testsuite></testsuites>